// Jest Snapshot v1, https://goo.gl/fbAQLP

exports[`Given an App component When it's rendered with path '/' Then it should render 'not found page' 1`] = `
<div
  className="sc-bcXHqe eSuVKC"
>
  <div
    className="sc-jSUZER cDJIxu"
  >
    <span
      className="snowflake"
    />
    <span
      className="snowflake"
    />
    <span
      className="snowflake"
    />
    <span
      className="snowflake"
    />
    <span
      className="snowflake"
    />
    <span
      className="snowflake"
    />
    <span
      className="snowflake"
    />
    <span
      className="snowflake"
    />
    <span
      className="snowflake"
    />
    <span
      className="snowflake"
    />
    <span
      className="snowflake"
    />
    <span
      className="snowflake"
    />
    <span
      className="snowflake"
    />
    <span
      className="snowflake"
    />
    <span
      className="snowflake"
    />
    <span
      className="snowflake"
    />
    <span
      className="snowflake"
    />
    <span
      className="snowflake"
    />
    <span
      className="snowflake"
    />
    <span
      className="snowflake"
    />
    <span
      className="snowflake"
    />
    <span
      className="snowflake"
    />
    <span
      className="snowflake"
    />
    <span
      className="snowflake"
    />
    <span
      className="snowflake"
    />
    <span
      className="snowflake"
    />
    <span
      className="snowflake"
    />
    <span
      className="snowflake"
    />
    <span
      className="snowflake"
    />
    <span
      className="snowflake"
    />
    <span
      className="snowflake"
    />
    <span
      className="snowflake"
    />
    <span
      className="snowflake"
    />
    <span
      className="snowflake"
    />
    <span
      className="snowflake"
    />
    <span
      className="snowflake"
    />
    <span
      className="snowflake"
    />
    <span
      className="snowflake"
    />
    <span
      className="snowflake"
    />
    <span
      className="snowflake"
    />
    <span
      className="snowflake"
    />
    <span
      className="snowflake"
    />
    <span
      className="snowflake"
    />
    <span
      className="snowflake"
    />
    <span
      className="snowflake"
    />
    <span
      className="snowflake"
    />
    <span
      className="snowflake"
    />
    <span
      className="snowflake"
    />
    <span
      className="snowflake"
    />
    <span
      className="snowflake"
    />
    <header
      className="sc-gswNZR ipXOXK header"
    >
      <a
        href="/"
        onClick={[Function]}
      >
        <svg
          aria-label="A cup of tea with the text blend"
          className="welcome-page__logo"
          data-testid="logo-icon"
          width="360"
        >
          blend-logo.svg
        </svg>
      </a>
    </header>
    <div
      className="sc-jrcTuL fVAcvy"
    >
      <svg
        aria-label="Not page found"
        data-testid="404-icon"
        height="300"
        width="300"
      >
        404.svg
      </svg>
      <span
        className="form-footer__link"
      >
        Do you want some tea?
        <a
          className="form-footer__link-anchor"
          href="/calendar"
          onClick={[Function]}
        >
          Back home
        </a>
      </span>
    </div>
  </div>
</div>
`;
